   1               		.file	"timercounter_test.c"
   2               	__SREG__ = 0x3f
   3               	__SP_H__ = 0x3e
   4               	__SP_L__ = 0x3d
   5               	__CCP__  = 0x34
   6               	__tmp_reg__ = 0
   7               	__zero_reg__ = 1
  15               	.Ltext0:
  16               		.section	.text.timer0_init,"ax",@progbits
  17               	.global	timer0_init
  19               	timer0_init:
  20               	.LFB2:
  21               	.LSM0:
  22               	/* prologue: function */
  23               	/* frame size = 0 */
  24               	.LSM1:
  25 0000 84B5      		in r24,68-32
  26 0002 8265      		ori r24,lo8(82)
  27 0004 84BD      		out 68-32,r24
  28               	.LSM2:
  29 0006 85B5      		in r24,69-32
  30 0008 8260      		ori r24,lo8(2)
  31 000a 85BD      		out 69-32,r24
  32               	.LSM3:
  33 000c 16BC      		out 70-32,__zero_reg__
  34               	.LSM4:
  35 000e 87E2      		ldi r24,lo8(39)
  36 0010 87BD      		out 71-32,r24
  37               	/* epilogue start */
  38               	.LSM5:
  39 0012 0895      		ret
  40               	.LFE2:
  42               		.section	.text.main,"ax",@progbits
  43               	.global	main
  45               	main:
  46               	.LFB3:
  47               	.LSM6:
  48               	/* prologue: function */
  49               	/* frame size = 0 */
  50               	.LSM7:
  51 0000 80E8      		ldi r24,lo8(-128)
  52 0002 8093 6100 		sts 97,r24
  53 0006 1092 6100 		sts 97,__zero_reg__
  54               	.LSM8:
  55 000a 8FEF      		ldi r24,lo8(-1)
  56 000c 84B9      		out 36-32,r24
  57               	.LSM9:
  58 000e 0E94 0000 		call timer0_init
  59               	.LSM10:
  60               	/* #APP */
  61               	 ;  39 "timercounter_test.c" 1
  62 0012 7894      		sei
  63               	 ;  0 "" 2
  64               	/* #NOAPP */
  65               	.L4:
  66 0014 00C0      		rjmp .L4
  67               	.LFE3:
 101               	.Letext0:
DEFINED SYMBOLS
                            *ABS*:00000000 timercounter_test.c
C:\Users\COLINC~1\AppData\Local\Temp/ccZTUKgU.s:2      *ABS*:0000003f __SREG__
C:\Users\COLINC~1\AppData\Local\Temp/ccZTUKgU.s:3      *ABS*:0000003e __SP_H__
C:\Users\COLINC~1\AppData\Local\Temp/ccZTUKgU.s:4      *ABS*:0000003d __SP_L__
C:\Users\COLINC~1\AppData\Local\Temp/ccZTUKgU.s:5      *ABS*:00000034 __CCP__
C:\Users\COLINC~1\AppData\Local\Temp/ccZTUKgU.s:6      *ABS*:00000000 __tmp_reg__
C:\Users\COLINC~1\AppData\Local\Temp/ccZTUKgU.s:7      *ABS*:00000001 __zero_reg__
C:\Users\COLINC~1\AppData\Local\Temp/ccZTUKgU.s:19     .text.timer0_init:00000000 timer0_init
C:\Users\COLINC~1\AppData\Local\Temp/ccZTUKgU.s:45     .text.main:00000000 main

NO UNDEFINED SYMBOLS
